{
"issues":  [
{
"id":  "S3060",
"message":  "Offload the code that's conditional on this type test to the appropriate subclass and remove the condition.",
"location":  {
"uri":  "sources\akka.net\src\core\Akka\Actor\ActorBase.cs",
"region":  {
"startLine":  107,
"startColumn":  17,
"endLine":  107,
"endColumn":  47
}
}
},
{
"id":  "S3060",
"message":  "Offload the code that's conditional on this type test to the appropriate subclass and remove the condition.",
"location":  {
"uri":  "sources\akka.net\src\core\Akka\Actor\ActorBase.cs",
"region":  {
"startLine":  164,
"startColumn":  21,
"endLine":  164,
"endColumn":  51
}
}
},
{
"id":  "S3060",
"message":  "Offload the code that's conditional on this type test to the appropriate subclass and remove the condition.",
"location":  {
"uri":  "sources\akka.net\src\core\Akka\Actor\ActorBase.cs",
"region":  {
"startLine":  177,
"startColumn":  33,
"endLine":  177,
"endColumn":  52
}
}
},
{
"id":  "S3060",
"message":  "Offload the code that's conditional on this type test to the appropriate subclass and remove the condition.",
"location":  {
"uri":  "sources\akka.net\src\core\Akka\Actor\ActorBase.Lifecycle.cs",
"region":  {
"startLine":  21,
"startColumn":  17,
"endLine":  21,
"endColumn":  47
}
}
},
{
"id":  "S3060",
"message":  "Offload the code that's conditional on this type test to the appropriate subclass and remove the condition.",
"location":  {
"uri":  "sources\akka.net\src\core\Akka\Actor\ActorBase.Lifecycle.cs",
"region":  {
"startLine":  89,
"startColumn":  17,
"endLine":  89,
"endColumn":  47
}
}
},
{
"id":  "S3060",
"message":  "Offload the code that's conditional on this type test to the appropriate subclass and remove the condition.",
"location":  {
"uri":  "sources\akka.net\src\core\Akka\Actor\ActorPath.cs",
"region":  {
"startLine":  205,
"startColumn":  21,
"endLine":  205,
"endColumn":  42
}
}
},
{
"id":  "S3060",
"message":  "Offload the code that's conditional on this type test to the appropriate subclass and remove the condition.",
"location":  {
"uri":  "sources\akka.net\src\core\Akka\Actor\ActorPath.cs",
"region":  {
"startLine":  407,
"startColumn":  17,
"endLine":  407,
"endColumn":  38
}
}
},
{
"id":  "S3060",
"message":  "Offload the code that's conditional on this type test to the appropriate subclass and remove the condition.",
"location":  {
"uri":  "sources\akka.net\src\core\Akka\Actor\FSM.cs",
"region":  {
"startLine":  677,
"startColumn":  17,
"endLine":  677,
"endColumn":  36
}
}
}
]
}
