{
"issues":  [
{
"id":  "S3060",
"message":  "Offload the code that's conditional on this type test to the appropriate subclass and remove the condition.",
"location":  {
"uri":  "sources\akka.net\src\core\Akka.Persistence\Fsm\PersistentFSMBase.cs",
"region":  {
"startLine":  34,
"startColumn":  17,
"endLine":  34,
"endColumn":  36
}
}
}
]
}
