{
"issues":  [
{
"id":  "S1451",
"message":  "Add or update the header of this file.",
"location":  {
"uri":  "sources\Net5\Net5\AttributesOnLocalFunctions.cs",
"region":  {
"startLine":  1,
"startColumn":  1,
"endLine":  1,
"endColumn":  1
}
}
},
{
"id":  "S1451",
"message":  "Add or update the header of this file.",
"location":  {
"uri":  "sources\Net5\Net5\CovariantReturn.cs",
"region":  {
"startLine":  1,
"startColumn":  1,
"endLine":  1,
"endColumn":  1
}
}
},
{
"id":  "S1451",
"message":  "Add or update the header of this file.",
"location":  {
"uri":  "sources\Net5\Net5\ExtendingPartial.cs",
"region":  {
"startLine":  1,
"startColumn":  1,
"endLine":  1,
"endColumn":  1
}
}
},
{
"id":  "S1451",
"message":  "Add or update the header of this file.",
"location":  {
"uri":  "sources\Net5\Net5\ExtensionGetEnumerator.cs",
"region":  {
"startLine":  1,
"startColumn":  1,
"endLine":  1,
"endColumn":  1
}
}
},
{
"id":  "S1451",
"message":  "Add or update the header of this file.",
"location":  {
"uri":  "sources\Net5\Net5\FunctionPointers.cs",
"region":  {
"startLine":  1,
"startColumn":  1,
"endLine":  1,
"endColumn":  1
}
}
},
{
"id":  "S1451",
"message":  "Add or update the header of this file.",
"location":  {
"uri":  "sources\Net5\Net5\InitOnlyProperties.cs",
"region":  {
"startLine":  1,
"startColumn":  1,
"endLine":  1,
"endColumn":  1
}
}
},
{
"id":  "S1451",
"message":  "Add or update the header of this file.",
"location":  {
"uri":  "sources\Net5\Net5\LambdaDiscardParameters.cs",
"region":  {
"startLine":  1,
"startColumn":  1,
"endLine":  1,
"endColumn":  1
}
}
},
{
"id":  "S1451",
"message":  "Add or update the header of this file.",
"location":  {
"uri":  "sources\Net5\Net5\Main.cs",
"region":  {
"startLine":  1,
"startColumn":  1,
"endLine":  1,
"endColumn":  1
}
}
},
{
"id":  "S1451",
"message":  "Add or update the header of this file.",
"location":  {
"uri":  "sources\Net5\Net5\ModuleInitializers.cs",
"region":  {
"startLine":  1,
"startColumn":  1,
"endLine":  1,
"endColumn":  1
}
}
},
{
"id":  "S1451",
"message":  "Add or update the header of this file.",
"location":  {
"uri":  "sources\Net5\Net5\NativeInts.cs",
"region":  {
"startLine":  1,
"startColumn":  1,
"endLine":  1,
"endColumn":  1
}
}
},
{
"id":  "S1451",
"message":  "Add or update the header of this file.",
"location":  {
"uri":  "sources\Net5\Net5\ParameterValidation.cs",
"region":  {
"startLine":  1,
"startColumn":  1,
"endLine":  1,
"endColumn":  1
}
}
},
{
"id":  "S1451",
"message":  "Add or update the header of this file.",
"location":  {
"uri":  "sources\Net5\Net5\PatternMatchingImprovements.cs",
"region":  {
"startLine":  1,
"startColumn":  1,
"endLine":  1,
"endColumn":  1
}
}
},
{
"id":  "S1451",
"message":  "Add or update the header of this file.",
"location":  {
"uri":  "sources\Net5\Net5\Records.cs",
"region":  {
"startLine":  1,
"startColumn":  1,
"endLine":  1,
"endColumn":  1
}
}
},
{
"id":  "S1451",
"message":  "Add or update the header of this file.",
"location":  {
"uri":  "sources\Net5\Net5\RelaxRefPartialOrder.cs",
"region":  {
"startLine":  1,
"startColumn":  1,
"endLine":  1,
"endColumn":  1
}
}
},
{
"id":  "S1451",
"message":  "Add or update the header of this file.",
"location":  {
"uri":  "sources\Net5\Net5\S1144.cs",
"region":  {
"startLine":  1,
"startColumn":  1,
"endLine":  1,
"endColumn":  1
}
}
},
{
"id":  "S1451",
"message":  "Add or update the header of this file.",
"location":  {
"uri":  "sources\Net5\Net5\S2077.cs",
"region":  {
"startLine":  1,
"startColumn":  1,
"endLine":  1,
"endColumn":  1
}
}
},
{
"id":  "S1451",
"message":  "Add or update the header of this file.",
"location":  {
"uri":  "sources\Net5\Net5\S2092.cs",
"region":  {
"startLine":  1,
"startColumn":  1,
"endLine":  1,
"endColumn":  1
}
}
},
{
"id":  "S1451",
"message":  "Add or update the header of this file.",
"location":  {
"uri":  "sources\Net5\Net5\S2115.cs",
"region":  {
"startLine":  1,
"startColumn":  1,
"endLine":  1,
"endColumn":  1
}
}
},
{
"id":  "S1451",
"message":  "Add or update the header of this file.",
"location":  {
"uri":  "sources\Net5\Net5\S2278.cs",
"region":  {
"startLine":  1,
"startColumn":  1,
"endLine":  1,
"endColumn":  1
}
}
},
{
"id":  "S1451",
"message":  "Add or update the header of this file.",
"location":  {
"uri":  "sources\Net5\Net5\S2612.cs",
"region":  {
"startLine":  1,
"startColumn":  1,
"endLine":  1,
"endColumn":  1
}
}
},
{
"id":  "S1451",
"message":  "Add or update the header of this file.",
"location":  {
"uri":  "sources\Net5\Net5\S2755.cs",
"region":  {
"startLine":  1,
"startColumn":  1,
"endLine":  1,
"endColumn":  1
}
}
},
{
"id":  "S1451",
"message":  "Add or update the header of this file.",
"location":  {
"uri":  "sources\Net5\Net5\S2930.cs",
"region":  {
"startLine":  1,
"startColumn":  1,
"endLine":  1,
"endColumn":  1
}
}
},
{
"id":  "S1451",
"message":  "Add or update the header of this file.",
"location":  {
"uri":  "sources\Net5\Net5\S3254.cs",
"region":  {
"startLine":  1,
"startColumn":  1,
"endLine":  1,
"endColumn":  1
}
}
},
{
"id":  "S1451",
"message":  "Add or update the header of this file.",
"location":  {
"uri":  "sources\Net5\Net5\S3257.cs",
"region":  {
"startLine":  1,
"startColumn":  1,
"endLine":  1,
"endColumn":  1
}
}
},
{
"id":  "S1451",
"message":  "Add or update the header of this file.",
"location":  {
"uri":  "sources\Net5\Net5\S3330.cs",
"region":  {
"startLine":  1,
"startColumn":  1,
"endLine":  1,
"endColumn":  1
}
}
},
{
"id":  "S1451",
"message":  "Add or update the header of this file.",
"location":  {
"uri":  "sources\Net5\Net5\S3453.cs",
"region":  {
"startLine":  1,
"startColumn":  1,
"endLine":  1,
"endColumn":  1
}
}
},
{
"id":  "S1451",
"message":  "Add or update the header of this file.",
"location":  {
"uri":  "sources\Net5\Net5\S3928.cs",
"region":  {
"startLine":  1,
"startColumn":  1,
"endLine":  1,
"endColumn":  1
}
}
},
{
"id":  "S1451",
"message":  "Add or update the header of this file.",
"location":  {
"uri":  "sources\Net5\Net5\S4005.cs",
"region":  {
"startLine":  1,
"startColumn":  1,
"endLine":  1,
"endColumn":  1
}
}
},
{
"id":  "S1451",
"message":  "Add or update the header of this file.",
"location":  {
"uri":  "sources\Net5\Net5\S4057.cs",
"region":  {
"startLine":  1,
"startColumn":  1,
"endLine":  1,
"endColumn":  1
}
}
},
{
"id":  "S1451",
"message":  "Add or update the header of this file.",
"location":  {
"uri":  "sources\Net5\Net5\S4426.cs",
"region":  {
"startLine":  1,
"startColumn":  1,
"endLine":  1,
"endColumn":  1
}
}
},
{
"id":  "S1451",
"message":  "Add or update the header of this file.",
"location":  {
"uri":  "sources\Net5\Net5\S4432.cs",
"region":  {
"startLine":  1,
"startColumn":  1,
"endLine":  1,
"endColumn":  1
}
}
},
{
"id":  "S1451",
"message":  "Add or update the header of this file.",
"location":  {
"uri":  "sources\Net5\Net5\S4433.cs",
"region":  {
"startLine":  1,
"startColumn":  1,
"endLine":  1,
"endColumn":  1
}
}
},
{
"id":  "S1451",
"message":  "Add or update the header of this file.",
"location":  {
"uri":  "sources\Net5\Net5\S4830.cs",
"region":  {
"startLine":  1,
"startColumn":  1,
"endLine":  1,
"endColumn":  1
}
}
},
{
"id":  "S1451",
"message":  "Add or update the header of this file.",
"location":  {
"uri":  "sources\Net5\Net5\S5122.cs",
"region":  {
"startLine":  1,
"startColumn":  1,
"endLine":  1,
"endColumn":  1
}
}
},
{
"id":  "S1451",
"message":  "Add or update the header of this file.",
"location":  {
"uri":  "sources\Net5\Net5\S5659.cs",
"region":  {
"startLine":  1,
"startColumn":  1,
"endLine":  1,
"endColumn":  1
}
}
},
{
"id":  "S1451",
"message":  "Add or update the header of this file.",
"location":  {
"uri":  "sources\Net5\Net5\SkipLocalsInit.cs",
"region":  {
"startLine":  1,
"startColumn":  1,
"endLine":  1,
"endColumn":  1
}
}
},
{
"id":  "S1451",
"message":  "Add or update the header of this file.",
"location":  {
"uri":  "sources\Net5\Net5\StaticLambdas.cs",
"region":  {
"startLine":  1,
"startColumn":  1,
"endLine":  1,
"endColumn":  1
}
}
},
{
"id":  "S1451",
"message":  "Add or update the header of this file.",
"location":  {
"uri":  "sources\Net5\Net5\TargetTypedConditionals.cs",
"region":  {
"startLine":  1,
"startColumn":  1,
"endLine":  1,
"endColumn":  1
}
}
},
{
"id":  "S1451",
"message":  "Add or update the header of this file.",
"location":  {
"uri":  "sources\Net5\Net5\TargetTypedNew.cs",
"region":  {
"startLine":  1,
"startColumn":  1,
"endLine":  1,
"endColumn":  1
}
}
}
]
}
