{
"issues":  [
{
"id":  "S2325",
"message":  "Make 'DoNotOverrideMe' a static method.",
"location":  {
"uri":  "sources\Net5\Net5\CovariantReturn.cs",
"region":  {
"startLine":  24,
"startColumn":  33,
"endLine":  24,
"endColumn":  48
}
}
},
{
"id":  "S2325",
"message":  "Make 'Consume' a static method.",
"location":  {
"uri":  "sources\Net5\Net5\CovariantReturn.cs",
"region":  {
"startLine":  38,
"startColumn":  21,
"endLine":  38,
"endColumn":  28
}
}
},
{
"id":  "S2325",
"message":  "Make 'TryParse' a static method.",
"location":  {
"uri":  "sources\Net5\Net5\ExtendingPartial.cs",
"region":  {
"startLine":  25,
"startColumn":  31,
"endLine":  25,
"endColumn":  39
}
}
},
{
"id":  "S2325",
"message":  "Make 'Method' a static method.",
"location":  {
"uri":  "sources\Net5\Net5\ExtensionGetEnumerator.cs",
"region":  {
"startLine":  20,
"startColumn":  21,
"endLine":  20,
"endColumn":  27
}
}
},
{
"id":  "S2325",
"message":  "Make 'Method' a static method.",
"location":  {
"uri":  "sources\Net5\Net5\FunctionPointers.cs",
"region":  {
"startLine":  7,
"startColumn":  21,
"endLine":  7,
"endColumn":  27
}
}
},
{
"id":  "S2325",
"message":  "Make 'InvokeFunc' a static method.",
"location":  {
"uri":  "sources\Net5\Net5\LambdaDiscardParameters.cs",
"region":  {
"startLine":  30,
"startColumn":  22,
"endLine":  30,
"endColumn":  32
}
}
},
{
"id":  "S2325",
"message":  "Make 'Method' a static method.",
"location":  {
"uri":  "sources\Net5\Net5\NativeInts.cs",
"region":  {
"startLine":  7,
"startColumn":  21,
"endLine":  7,
"endColumn":  27
}
}
},
{
"id":  "S2325",
"message":  "Make 'TypePatterns' a static method.",
"location":  {
"uri":  "sources\Net5\Net5\PatternMatchingImprovements.cs",
"region":  {
"startLine":  41,
"startColumn":  24,
"endLine":  41,
"endColumn":  36
}
}
},
{
"id":  "S2325",
"message":  "Make 'RelationalPatterns' a static method.",
"location":  {
"uri":  "sources\Net5\Net5\PatternMatchingImprovements.cs",
"region":  {
"startLine":  51,
"startColumn":  24,
"endLine":  51,
"endColumn":  42
}
}
},
{
"id":  "S2325",
"message":  "Make 'LogicalPatterns' a static method.",
"location":  {
"uri":  "sources\Net5\Net5\PatternMatchingImprovements.cs",
"region":  {
"startLine":  58,
"startColumn":  24,
"endLine":  58,
"endColumn":  39
}
}
},
{
"id":  "S2325",
"message":  "Make 'NotPattern' a static method.",
"location":  {
"uri":  "sources\Net5\Net5\PatternMatchingImprovements.cs",
"region":  {
"startLine":  65,
"startColumn":  21,
"endLine":  65,
"endColumn":  31
}
}
},
{
"id":  "S2325",
"message":  "Make 'Method' a static method.",
"location":  {
"uri":  "sources\Net5\Net5\Records.cs",
"region":  {
"startLine":  51,
"startColumn":  21,
"endLine":  51,
"endColumn":  27
}
}
},
{
"id":  "S2325",
"message":  "Make 'Method' a static method.",
"location":  {
"uri":  "sources\Net5\Net5\Records.cs",
"region":  {
"startLine":  121,
"startColumn":  22,
"endLine":  121,
"endColumn":  28
}
}
},
{
"id":  "S2325",
"message":  "Make 'Foo' a static method.",
"location":  {
"uri":  "sources\Net5\Net5\S2077.cs",
"region":  {
"startLine":  7,
"startColumn":  14,
"endLine":  7,
"endColumn":  17
}
}
},
{
"id":  "S2325",
"message":  "Make 'Foo' a static method.",
"location":  {
"uri":  "sources\Net5\Net5\S2612.cs",
"region":  {
"startLine":  7,
"startColumn":  14,
"endLine":  7,
"endColumn":  17
}
}
},
{
"id":  "S2325",
"message":  "Make 'IsActive' a static property.",
"location":  {
"uri":  "sources\Net5\Net5\S3453.cs",
"region":  {
"startLine":  9,
"startColumn":  25,
"endLine":  9,
"endColumn":  33
}
}
},
{
"id":  "S2325",
"message":  "Make 'IsActive' a static property.",
"location":  {
"uri":  "sources\Net5\Net5\S3453.cs",
"region":  {
"startLine":  18,
"startColumn":  25,
"endLine":  18,
"endColumn":  33
}
}
},
{
"id":  "S2325",
"message":  "Make 'Foo' a static method.",
"location":  {
"uri":  "sources\Net5\Net5\S4830.cs",
"region":  {
"startLine":  5,
"startColumn":  14,
"endLine":  5,
"endColumn":  17
}
}
},
{
"id":  "S2325",
"message":  "Make 'Foo' a static method.",
"location":  {
"uri":  "sources\Net5\Net5\S5659.cs",
"region":  {
"startLine":  7,
"startColumn":  21,
"endLine":  7,
"endColumn":  24
}
}
}
]
}
