{
"issues":  [
{
"id":  "S108",
"message":  "Either remove or fill this block of code.",
"location":  {
"uri":  "sources\Net5\Net5\AttributesOnLocalFunctions.cs",
"region":  {
"startLine":  12,
"startColumn":  34,
"endLine":  12,
"endColumn":  37
}
}
},
{
"id":  "S108",
"message":  "Either remove or fill this block of code.",
"location":  {
"uri":  "sources\Net5\Net5\Main.cs",
"region":  {
"startLine":  18,
"startColumn":  26,
"endLine":  18,
"endColumn":  29
}
}
},
{
"id":  "S108",
"message":  "Either remove or fill this block of code.",
"location":  {
"uri":  "sources\Net5\Net5\S4830.cs",
"region":  {
"startLine":  9,
"startColumn":  13,
"endLine":  10,
"endColumn":  14
}
}
}
]
}
